I'm sorry, but errors were detected in your script. Please correct the
errors listed below, and try again.


File "game/script.rpy", line 28: expected statement.
    --------------------------------------------------------------------------------
                                                                                    ^

Ren'Py Version: Ren'Py 7.4.4.1439
Wed Jun  2 10:51:18 2021
